merge


D:\dot net Framework\SDM\day2\localrepostory\OSS>git pull
remote: Enumerating objects: 17, done.
remote: Counting objects: 100% (17/17), done.
remote: Compressing objects: 100% (15/15), done.
remote: Total 15 (delta 4), reused 0 (delta 0), pack-reused 0
Unpacking objects: 100% (15/15), 4.89 KiB | 46.00 KiB/s, done.
From https://github.com/BharatiKashid/OSS
   81fa60f..2e5c86c  main           -> origin/main
 * [new branch]      ConnectedDA    -> origin/ConnectedDA
 * [new branch]      ORM-dataAccess -> origin/ORM-dataAccess
Updating 81fa60f..2e5c86c
Fast-forward
 Discoonected/coonectedDAL.cs | 18 ++++++++++++++++++
 OramDAL.cs                   | 31 +++++++++++++++++++++++++++++++
 2 files changed, 49 insertions(+)
 create mode 100644 Discoonected/coonectedDAL.cs
 create mode 100644 OramDAL.cs

D:\dot net Framework\SDM\day2\localrepostory\OSS>git branch
* main

D:\dot net Framework\SDM\day2\localrepostory\OSS>git status
On branch main
Your branch is up to date with 'origin/main'.

Changes not staged for commit:
  (use "git add <file>..." to update what will be committed)
  (use "git restore <file>..." to discard changes in working directory)
        modified:   .vs/OSS/v16/.suo
        modified:   .vs/slnx.sqlite
        modified:   Discoonected/coonectedDAL.cs

Untracked files:
  (use "git add <file>..." to include in what will be committed)
        .vs/VSWorkspaceState.json
        New/

no changes added to commit (use "git add" and/or "git commit -a")

D:\dot net Framework\SDM\day2\localrepostory\OSS>git commit -m "Connected Dal changes"
On branch main
Your branch is up to date with 'origin/main'.

Changes not staged for commit:
  (use "git add <file>..." to update what will be committed)
  (use "git restore <file>..." to discard changes in working directory)
        modified:   .vs/OSS/v16/.suo
        modified:   .vs/slnx.sqlite
        modified:   Discoonected/coonectedDAL.cs

Untracked files:
  (use "git add <file>..." to include in what will be committed)
        .vs/VSWorkspaceState.json
        New/

no changes added to commit (use "git add" and/or "git commit -a")

D:\dot net Framework\SDM\day2\localrepostory\OSS>git push
Everything up-to-date
